hello from fujin
